TaskFlow API CI evidence
Captured from a real GitHub Actions run of the taskflow-api CI workflow
Repository: El-Gibbor/amalitech-labs
Workflow file: .github/workflows/taskflow-api-ci.yml
Run URL: https://github.com/El-Gibbor/amalitech-labs/actions/runs/29203204530
Commit: 12cc514
Job: build-and-test, status completed, conclusion success

===== Filtered excerpt (test run and application log lines only) =====
2026-07-12T18:05:35.1725061Z [INFO]  T E S T S
2026-07-12T18:05:36.0888202Z [INFO] Running com.taskflow.task.TaskServiceTest
2026-07-12T18:05:36.7068890Z 18:05:36.704 [main] INFO com.taskflow.task.TaskService - Created task id=null title="Write report"
2026-07-12T18:05:36.7264641Z 18:05:36.726 [main] INFO com.taskflow.task.TaskService - Updated task id=null status=IN_PROGRESS
2026-07-12T18:05:36.7581078Z [INFO] Tests run: 7, Failures: 0, Errors: 0, Skipped: 0, Time elapsed: 0.648 s - in com.taskflow.task.TaskServiceTest
2026-07-12T18:05:36.7590797Z [INFO] Running com.taskflow.task.TaskControllerIntegrationTest
2026-07-12T18:05:42.7611687Z 2026-07-12 18:05:42.759  INFO 2404 --- [           main] com.taskflow.task.TaskService            : Created task id=1 title="Draft agenda"
2026-07-12T18:05:42.8338105Z 2026-07-12 18:05:42.829  INFO 2404 --- [           main] com.taskflow.task.TaskService            : Created task id=2 title="Draft agenda"
2026-07-12T18:05:42.9559219Z 2026-07-12 18:05:42.935  INFO 2404 --- [           main] com.taskflow.task.TaskService            : Created task id=3 title="Draft agenda"
2026-07-12T18:05:42.9560872Z 2026-07-12 18:05:42.944  INFO 2404 --- [           main] com.taskflow.task.TaskService            : Updated task id=3 status=IN_PROGRESS
2026-07-12T18:05:42.9722291Z 2026-07-12 18:05:42.954  INFO 2404 --- [           main] com.taskflow.task.TaskService            : Created task id=4 title="Prepare sprint review"
2026-07-12T18:05:42.9896785Z 2026-07-12 18:05:42.971  INFO 2404 --- [           main] com.taskflow.task.TaskService            : Created task id=5 title="Draft agenda"
2026-07-12T18:05:43.0082816Z 2026-07-12 18:05:42.992  WARN 2404 --- [           main] com.taskflow.common.ApiExceptionHandler  : Validation failed: [title must not be blank]
2026-07-12T18:05:43.0433377Z 2026-07-12 18:05:43.012  WARN 2404 --- [           main] com.taskflow.common.ApiExceptionHandler  : Task not found with id 999
2026-07-12T18:05:43.0542196Z 2026-07-12 18:05:43.020  WARN 2404 --- [           main] com.taskflow.common.ApiExceptionHandler  : Task not found with id 999
2026-07-12T18:05:43.0592882Z [INFO] Tests run: 9, Failures: 0, Errors: 0, Skipped: 0, Time elapsed: 6.269 s - in com.taskflow.task.TaskControllerIntegrationTest
2026-07-12T18:05:43.0593897Z [INFO] Running com.taskflow.HealthCheckIntegrationTest
2026-07-12T18:05:43.0854682Z [INFO] Tests run: 1, Failures: 0, Errors: 0, Skipped: 0, Time elapsed: 0.048 s - in com.taskflow.HealthCheckIntegrationTest
2026-07-12T18:05:43.6327640Z [INFO] Tests run: 17, Failures: 0, Errors: 0, Skipped: 0
2026-07-12T18:05:43.6363796Z [INFO] BUILD SUCCESS
